// Jest Snapshot v1, https://goo.gl/fbAQLP

exports[`Component render 1`] = `
Array [
  <input
    name="name"
    placeholder="Name"
    type="text"
    value="mock name"
  />,
  <input
    name="UPIN"
    placeholder="UPIN"
    type="text"
    value="1234"
  />,
]
`;
